[INFO] Scanning for projects...
[INFO] 
[INFO] --------------------< com.ejemplo:backend-quarkus >---------------------
[INFO] Building backend-quarkus 1.0.0-SNAPSHOT
[INFO]   from pom.xml
[INFO] --------------------------------[ jar ]---------------------------------
[INFO] 
[INFO] --- quarkus:3.8.3:dev (default-cli) @ backend-quarkus ---
[INFO] Invoking resources:3.3.1:resources (default-resources) @ backend-quarkus
[INFO] Copying 3 resources from src/main/resources to target/classes
[INFO] Invoking quarkus:3.8.3:generate-code (default) @ backend-quarkus
[INFO] Invoking compiler:3.13.0:compile (default-compile) @ backend-quarkus
[INFO] Nothing to compile - all classes are up to date.
[INFO] Invoking resources:3.3.1:testResources (default-testResources) @ backend-quarkus
[INFO] skip non existing resourceDirectory /workspaces/fullstack/backend-quarkus/src/test/resources
[INFO] Invoking quarkus:3.8.3:generate-code-tests (default) @ backend-quarkus
[INFO] Invoking compiler:3.13.0:testCompile (default-testCompile) @ backend-quarkus
[INFO] No sources to compile

----------------------------
--- Help improve Quarkus ---
----------------------------
* Learn more: https://quarkus.io/usage/
* Do you agree to contribute anonymous build time data to the Quarkus community? (y/n and enter) 
[WARNING] Failed to collect user input for analytics
java.util.NoSuchElementException: No line found
    at java.util.Scanner.nextLine (Scanner.java:1660)
    at io.quarkus.maven.DevMojo.lambda$execute$0 (DevMojo.java:439)
    at io.quarkus.analytics.ConfigService.lambda$userAcceptance$0 (ConfigService.java:79)
    at java.util.concurrent.CompletableFuture$AsyncSupply.run (CompletableFuture.java:1768)
    at java.lang.Thread.run (Thread.java:1583)
[info] [Quarkus build analytics] Didn't receive a valid user's answer: `y` or `n`. The question will be asked again next time.

Listening for transport dt_socket at address: 5005
Press [e] to edit command line args (currently ''), [h] for more options>
Tests paused
Press [e] to edit command line args (currently ''), [r] to resume testing, [h] for more options>
Press [e] to edit command line args (currently ''), [r] to resume testing, [o] Toggle test output, [h] for more options>
2026-09-23 00:17:18,315 WARN  [io.qua.hib.orm.dep.HibernateOrmProcessor] (build-20) Hibernate ORM is disabled because no JPA entities were found
2026-09-23 00:17:18,686 INFO  [org.tes.doc.DockerClientProviderStrategy] (build-7) Loaded org.testcontainers.dockerclient.UnixSocketClientProviderStrategy from ~/.testcontainers.properties, will try it first
2026-09-23 00:17:19,428 INFO  [org.tes.doc.DockerClientProviderStrategy] (build-7) Found Docker environment with local Unix socket (unix:///var/run/docker.sock)
2026-09-23 00:17:19,470 INFO  [org.tes.DockerClientFactory] (build-7) Docker host IP address is 172.17.0.1
2026-09-23 00:17:19,528 INFO  [org.tes.DockerClientFactory] (build-7) Connected to docker: 
  Server Version: 28.1.1-1
  API Version: 1.49
  Operating System: Ubuntu 20.04.6 LTS (containerized)
  Total Memory: 7942 MB
2026-09-23 00:17:19,583 INFO  [org.tes.ima.PullPolicy] (build-7) Image pull policy will be performed by: DefaultPullPolicy()
2026-09-23 00:17:19,586 INFO  [org.tes.uti.ImageNameSubstitutor] (build-7) Image name substitution will be performed by: DefaultImageNameSubstitutor (composite of 'ConfigurationFileImageNameSubstitutor' and 'PrefixingImageNameSubstitutor')
2026-09-23 00:17:19,594 INFO  [org.tes.DockerClientFactory] (build-7) Checking the system...
2026-09-23 00:17:19,595 INFO  [org.tes.DockerClientFactory] (build-7) ✔︎ Docker server version should be at least 1.6.0
2026-09-23 00:17:19,726 INFO  [tc.doc.io/postgres:14] (build-7) Creating container for image: docker.io/postgres:14
2026-09-23 00:17:19,741 WARN  [tc.doc.io/postgres:14] (build-7) Reuse was requested but the environment does not support the reuse of containers
To enable reuse of containers, you must set 'testcontainers.reuse.enable=true' in a file located at /home/codespace/.testcontainers.properties
2026-09-23 00:17:19,744 INFO  [tc.tes.6.0] (build-7) Creating container for image: testcontainers/ryuk:0.6.0
2026-09-23 00:17:19,969 INFO  [tc.tes.6.0] (build-7) Container testcontainers/ryuk:0.6.0 is starting: 9ee2d0198e93e07481129af1caca8e11cb903ba32aaca8ec35e32177a3ae7a2d
2026-09-23 00:17:20,262 INFO  [tc.tes.6.0] (build-7) Container testcontainers/ryuk:0.6.0 started in PT0.517719982S
2026-09-23 00:17:20,326 INFO  [tc.doc.io/postgres:14] (build-7) Container docker.io/postgres:14 is starting: d674d68e60669b9eed34a2796299968b79937ab1a12b37c8483d2cf121fe9fb0
2026-09-23 00:17:22,534 INFO  [tc.doc.io/postgres:14] (build-7) Container docker.io/postgres:14 started in PT2.808093012S
2026-09-23 00:17:22,534 INFO  [tc.doc.io/postgres:14] (build-7) Container is started (JDBC URL: jdbc:postgresql://172.17.0.1:32771/quarkus?loggerLevel=OFF)
2026-09-23 00:17:22,535 INFO  [io.qua.dev.pos.dep.PostgresqlDevServicesProcessor] (build-7) Dev Services for PostgreSQL started.
2026-09-23 00:17:22,536 INFO  [io.qua.dat.dep.dev.DevServicesDatasourceProcessor] (build-7) Dev Services for default datasource (postgresql) started - container ID is d674d68e6066
2026-09-23 00:17:22,538 INFO  [io.qua.hib.orm.dep.dev.HibernateOrmDevServicesProcessor] (build-75) Setting quarkus.hibernate-orm.database.generation=drop-and-create to initialize Dev Services managed database
__  ____  __  _____   ___  __ ____  ______ 
 --/ __ \/ / / / _ | / _ \/ //_/ / / / __/ 
 -/ /_/ / /_/ / __ |/ , _/ ,< / /_/ /\ \   
--\___\_\____/_/ |_/_/|_/_/|_|\____/___/   
2026-09-23 00:17:23,788 INFO  [io.quarkus] (Quarkus Main Thread) backend-quarkus 1.0.0-SNAPSHOT on JVM (powered by Quarkus 3.8.3) started in 7.345s. Listening on: http://localhost:8080
2026-09-23 00:17:23,792 INFO  [io.quarkus] (Quarkus Main Thread) Profile dev activated. Live Coding activated.
2026-09-23 00:17:23,792 INFO  [io.quarkus] (Quarkus Main Thread) Installed features: [agroal, cdi, hibernate-orm, hibernate-orm-panache, jdbc-postgresql, narayana-jta, resteasy-reactive, resteasy-reactive-jackson, security, smallrye-context-propagation, smallrye-jwt, vertx]
Debugger failed to attach: handshake failed - connection prematurally closed
